error[E0562]: `impl Trait` is not allowed in `impl Trait`
  --> $DIR/nested_impl_trait.rs:6:56
   |
LL | fn bad_in_ret_position(x: impl Into<u32>) -> impl Into<impl Debug> { x }
   |                                                        ^^^^^^^^^^
   |
   = note: `impl Trait` is only allowed in arguments and return types of functions and methods

error[E0562]: `impl Trait` is not allowed in `fn` pointer return types
  --> $DIR/nested_impl_trait.rs:10:32
   |
LL | fn bad_in_fn_syntax(x: fn() -> impl Into<impl Debug>) {}
   |                                ^^^^^^^^^^^^^^^^^^^^^
   |
   = note: `impl Trait` is only allowed in arguments and return types of functions and methods

error[E0562]: `impl Trait` is not allowed in `impl Trait`
  --> $DIR/nested_impl_trait.rs:14:37
   |
LL | fn bad_in_arg_position(_: impl Into<impl Debug>) { }
   |                                     ^^^^^^^^^^
   |
   = note: `impl Trait` is only allowed in arguments and return types of functions and methods

error[E0562]: `impl Trait` is not allowed in `impl Trait`
  --> $DIR/nested_impl_trait.rs:19:44
   |
LL |     fn bad(x: impl Into<u32>) -> impl Into<impl Debug> { x }
   |                                            ^^^^^^^^^^
   |
   = note: `impl Trait` is only allowed in arguments and return types of functions and methods

error[E0562]: `impl Trait` is not allowed in the return type of `Fn` trait bounds
  --> $DIR/nested_impl_trait.rs:28:42
   |
LL | fn allowed_in_ret_type() -> impl Fn() -> impl Into<u32> {
   |                                          ^^^^^^^^^^^^^^
   |
   = note: `impl Trait` is only allowed in arguments and return types of functions and methods

error: aborting due to 5 previous errors

For more information about this error, try `rustc --explain E0562`.
